// Jest Snapshot v1, https://goo.gl/fbAQLP

exports[`PsgForm Should render form 1`] = `
ShallowWrapper {
  Symbol(enzyme.__root__): [Circular],
  Symbol(enzyme.__unrendered__): <PsgForm
    errors={true}
    inputChanged={true}
    submitGenerate={true}
  />,
  Symbol(enzyme.__renderer__): Object {
    "batchedUpdates": [Function],
    "checkPropTypes": [Function],
    "getNode": [Function],
    "render": [Function],
    "simulateError": [Function],
    "simulateEvent": [Function],
    "unmount": [Function],
  },
  Symbol(enzyme.__node__): Object {
    "instance": null,
    "key": undefined,
    "nodeType": "host",
    "props": Object {
      "children": <form
        onSubmit={true}
      >
        <h2
          className="psg-heading-card"
        >
          <IoIosContact
            className="icon"
          />
          Employee info
        </h2>
        <div
          className="alert alert-danger form-alerts"
        >
          true
        </div>
        <div
          className="d-flex flex-wrap mr-n4"
        >
          <div
            className="form-group empinfo-field"
          >
            <label>
              First Name
            </label>
            <input
              className="form-control"
              name="firstName"
              onChange={true}
              type="text"
            />
          </div>
          <div
            className="form-group empinfo-field"
          >
            <label>
              Last Name
            </label>
            <input
              className="form-control"
              name="lastName"
              onChange={true}
              type="text"
            />
          </div>
          <div
            className="form-group empinfo-field"
          >
            <label>
              Annual Salary
            </label>
            <span
              className="unit"
            >
              $
            </span>
            <input
              className="form-control empinfo-input"
              name="annualIncome"
              onChange={true}
              type="text"
            />
          </div>
          <div
            className="form-group empinfo-field"
          >
            <label>
              Superannuation Rate
            </label>
            <span
              className="unit"
            >
              %
            </span>
            <input
              className="form-control empinfo-input"
              name="superPercent"
              onChange={true}
              type="text"
            />
          </div>
          <button
            className="btn btn-success btn-post-login"
            type="submit"
          >
            Generate Payslip
          </button>
        </div>
      </form>,
      "className": "card content-container",
    },
    "ref": null,
    "rendered": Object {
      "instance": null,
      "key": undefined,
      "nodeType": "host",
      "props": Object {
        "children": Array [
          <h2
            className="psg-heading-card"
          >
            <IoIosContact
              className="icon"
            />
            Employee info
          </h2>,
          <div
            className="alert alert-danger form-alerts"
          >
            true
          </div>,
          <div
            className="d-flex flex-wrap mr-n4"
          >
            <div
              className="form-group empinfo-field"
            >
              <label>
                First Name
              </label>
              <input
                className="form-control"
                name="firstName"
                onChange={true}
                type="text"
              />
            </div>
            <div
              className="form-group empinfo-field"
            >
              <label>
                Last Name
              </label>
              <input
                className="form-control"
                name="lastName"
                onChange={true}
                type="text"
              />
            </div>
            <div
              className="form-group empinfo-field"
            >
              <label>
                Annual Salary
              </label>
              <span
                className="unit"
              >
                $
              </span>
              <input
                className="form-control empinfo-input"
                name="annualIncome"
                onChange={true}
                type="text"
              />
            </div>
            <div
              className="form-group empinfo-field"
            >
              <label>
                Superannuation Rate
              </label>
              <span
                className="unit"
              >
                %
              </span>
              <input
                className="form-control empinfo-input"
                name="superPercent"
                onChange={true}
                type="text"
              />
            </div>
            <button
              className="btn btn-success btn-post-login"
              type="submit"
            >
              Generate Payslip
            </button>
          </div>,
        ],
        "onSubmit": true,
      },
      "ref": null,
      "rendered": Array [
        Object {
          "instance": null,
          "key": undefined,
          "nodeType": "host",
          "props": Object {
            "children": Array [
              <IoIosContact
                className="icon"
              />,
              "Employee info",
            ],
            "className": "psg-heading-card",
          },
          "ref": null,
          "rendered": Array [
            Object {
              "instance": null,
              "key": undefined,
              "nodeType": "function",
              "props": Object {
                "className": "icon",
              },
              "ref": null,
              "rendered": null,
              "type": [Function],
            },
            "Employee info",
          ],
          "type": "h2",
        },
        Object {
          "instance": null,
          "key": undefined,
          "nodeType": "host",
          "props": Object {
            "children": true,
            "className": "alert alert-danger form-alerts",
          },
          "ref": null,
          "rendered": true,
          "type": "div",
        },
        Object {
          "instance": null,
          "key": undefined,
          "nodeType": "host",
          "props": Object {
            "children": Array [
              <div
                className="form-group empinfo-field"
              >
                <label>
                  First Name
                </label>
                <input
                  className="form-control"
                  name="firstName"
                  onChange={true}
                  type="text"
                />
              </div>,
              <div
                className="form-group empinfo-field"
              >
                <label>
                  Last Name
                </label>
                <input
                  className="form-control"
                  name="lastName"
                  onChange={true}
                  type="text"
                />
              </div>,
              <div
                className="form-group empinfo-field"
              >
                <label>
                  Annual Salary
                </label>
                <span
                  className="unit"
                >
                  $
                </span>
                <input
                  className="form-control empinfo-input"
                  name="annualIncome"
                  onChange={true}
                  type="text"
                />
              </div>,
              <div
                className="form-group empinfo-field"
              >
                <label>
                  Superannuation Rate
                </label>
                <span
                  className="unit"
                >
                  %
                </span>
                <input
                  className="form-control empinfo-input"
                  name="superPercent"
                  onChange={true}
                  type="text"
                />
              </div>,
              <button
                className="btn btn-success btn-post-login"
                type="submit"
              >
                Generate Payslip
              </button>,
            ],
            "className": "d-flex flex-wrap mr-n4",
          },
          "ref": null,
          "rendered": Array [
            Object {
              "instance": null,
              "key": undefined,
              "nodeType": "host",
              "props": Object {
                "children": Array [
                  <label>
                    First Name
                  </label>,
                  <input
                    className="form-control"
                    name="firstName"
                    onChange={true}
                    type="text"
                  />,
                ],
                "className": "form-group empinfo-field",
              },
              "ref": null,
              "rendered": Array [
                Object {
                  "instance": null,
                  "key": undefined,
                  "nodeType": "host",
                  "props": Object {
                    "children": "First Name",
                  },
                  "ref": null,
                  "rendered": "First Name",
                  "type": "label",
                },
                Object {
                  "instance": null,
                  "key": undefined,
                  "nodeType": "host",
                  "props": Object {
                    "className": "form-control",
                    "name": "firstName",
                    "onChange": true,
                    "type": "text",
                  },
                  "ref": null,
                  "rendered": null,
                  "type": "input",
                },
              ],
              "type": "div",
            },
            Object {
              "instance": null,
              "key": undefined,
              "nodeType": "host",
              "props": Object {
                "children": Array [
                  <label>
                    Last Name
                  </label>,
                  <input
                    className="form-control"
                    name="lastName"
                    onChange={true}
                    type="text"
                  />,
                ],
                "className": "form-group empinfo-field",
              },
              "ref": null,
              "rendered": Array [
                Object {
                  "instance": null,
                  "key": undefined,
                  "nodeType": "host",
                  "props": Object {
                    "children": "Last Name",
                  },
                  "ref": null,
                  "rendered": "Last Name",
                  "type": "label",
                },
                Object {
                  "instance": null,
                  "key": undefined,
                  "nodeType": "host",
                  "props": Object {
                    "className": "form-control",
                    "name": "lastName",
                    "onChange": true,
                    "type": "text",
                  },
                  "ref": null,
                  "rendered": null,
                  "type": "input",
                },
              ],
              "type": "div",
            },
            Object {
              "instance": null,
              "key": undefined,
              "nodeType": "host",
              "props": Object {
                "children": Array [
                  <label>
                    Annual Salary
                  </label>,
                  <span
                    className="unit"
                  >
                    $
                  </span>,
                  <input
                    className="form-control empinfo-input"
                    name="annualIncome"
                    onChange={true}
                    type="text"
                  />,
                ],
                "className": "form-group empinfo-field",
              },
              "ref": null,
              "rendered": Array [
                Object {
                  "instance": null,
                  "key": undefined,
                  "nodeType": "host",
                  "props": Object {
                    "children": "Annual Salary",
                  },
                  "ref": null,
                  "rendered": "Annual Salary",
                  "type": "label",
                },
                Object {
                  "instance": null,
                  "key": undefined,
                  "nodeType": "host",
                  "props": Object {
                    "children": "$",
                    "className": "unit",
                  },
                  "ref": null,
                  "rendered": "$",
                  "type": "span",
                },
                Object {
                  "instance": null,
                  "key": undefined,
                  "nodeType": "host",
                  "props": Object {
                    "className": "form-control empinfo-input",
                    "name": "annualIncome",
                    "onChange": true,
                    "type": "text",
                  },
                  "ref": null,
                  "rendered": null,
                  "type": "input",
                },
              ],
              "type": "div",
            },
            Object {
              "instance": null,
              "key": undefined,
              "nodeType": "host",
              "props": Object {
                "children": Array [
                  <label>
                    Superannuation Rate
                  </label>,
                  <span
                    className="unit"
                  >
                    %
                  </span>,
                  <input
                    className="form-control empinfo-input"
                    name="superPercent"
                    onChange={true}
                    type="text"
                  />,
                ],
                "className": "form-group empinfo-field",
              },
              "ref": null,
              "rendered": Array [
                Object {
                  "instance": null,
                  "key": undefined,
                  "nodeType": "host",
                  "props": Object {
                    "children": "Superannuation Rate",
                  },
                  "ref": null,
                  "rendered": "Superannuation Rate",
                  "type": "label",
                },
                Object {
                  "instance": null,
                  "key": undefined,
                  "nodeType": "host",
                  "props": Object {
                    "children": "%",
                    "className": "unit",
                  },
                  "ref": null,
                  "rendered": "%",
                  "type": "span",
                },
                Object {
                  "instance": null,
                  "key": undefined,
                  "nodeType": "host",
                  "props": Object {
                    "className": "form-control empinfo-input",
                    "name": "superPercent",
                    "onChange": true,
                    "type": "text",
                  },
                  "ref": null,
                  "rendered": null,
                  "type": "input",
                },
              ],
              "type": "div",
            },
            Object {
              "instance": null,
              "key": undefined,
              "nodeType": "host",
              "props": Object {
                "children": "Generate Payslip",
                "className": "btn btn-success btn-post-login",
                "type": "submit",
              },
              "ref": null,
              "rendered": "Generate Payslip",
              "type": "button",
            },
          ],
          "type": "div",
        },
      ],
      "type": "form",
    },
    "type": "div",
  },
  Symbol(enzyme.__nodes__): Array [
    Object {
      "instance": null,
      "key": undefined,
      "nodeType": "host",
      "props": Object {
        "children": <form
          onSubmit={true}
        >
          <h2
            className="psg-heading-card"
          >
            <IoIosContact
              className="icon"
            />
            Employee info
          </h2>
          <div
            className="alert alert-danger form-alerts"
          >
            true
          </div>
          <div
            className="d-flex flex-wrap mr-n4"
          >
            <div
              className="form-group empinfo-field"
            >
              <label>
                First Name
              </label>
              <input
                className="form-control"
                name="firstName"
                onChange={true}
                type="text"
              />
            </div>
            <div
              className="form-group empinfo-field"
            >
              <label>
                Last Name
              </label>
              <input
                className="form-control"
                name="lastName"
                onChange={true}
                type="text"
              />
            </div>
            <div
              className="form-group empinfo-field"
            >
              <label>
                Annual Salary
              </label>
              <span
                className="unit"
              >
                $
              </span>
              <input
                className="form-control empinfo-input"
                name="annualIncome"
                onChange={true}
                type="text"
              />
            </div>
            <div
              className="form-group empinfo-field"
            >
              <label>
                Superannuation Rate
              </label>
              <span
                className="unit"
              >
                %
              </span>
              <input
                className="form-control empinfo-input"
                name="superPercent"
                onChange={true}
                type="text"
              />
            </div>
            <button
              className="btn btn-success btn-post-login"
              type="submit"
            >
              Generate Payslip
            </button>
          </div>
        </form>,
        "className": "card content-container",
      },
      "ref": null,
      "rendered": Object {
        "instance": null,
        "key": undefined,
        "nodeType": "host",
        "props": Object {
          "children": Array [
            <h2
              className="psg-heading-card"
            >
              <IoIosContact
                className="icon"
              />
              Employee info
            </h2>,
            <div
              className="alert alert-danger form-alerts"
            >
              true
            </div>,
            <div
              className="d-flex flex-wrap mr-n4"
            >
              <div
                className="form-group empinfo-field"
              >
                <label>
                  First Name
                </label>
                <input
                  className="form-control"
                  name="firstName"
                  onChange={true}
                  type="text"
                />
              </div>
              <div
                className="form-group empinfo-field"
              >
                <label>
                  Last Name
                </label>
                <input
                  className="form-control"
                  name="lastName"
                  onChange={true}
                  type="text"
                />
              </div>
              <div
                className="form-group empinfo-field"
              >
                <label>
                  Annual Salary
                </label>
                <span
                  className="unit"
                >
                  $
                </span>
                <input
                  className="form-control empinfo-input"
                  name="annualIncome"
                  onChange={true}
                  type="text"
                />
              </div>
              <div
                className="form-group empinfo-field"
              >
                <label>
                  Superannuation Rate
                </label>
                <span
                  className="unit"
                >
                  %
                </span>
                <input
                  className="form-control empinfo-input"
                  name="superPercent"
                  onChange={true}
                  type="text"
                />
              </div>
              <button
                className="btn btn-success btn-post-login"
                type="submit"
              >
                Generate Payslip
              </button>
            </div>,
          ],
          "onSubmit": true,
        },
        "ref": null,
        "rendered": Array [
          Object {
            "instance": null,
            "key": undefined,
            "nodeType": "host",
            "props": Object {
              "children": Array [
                <IoIosContact
                  className="icon"
                />,
                "Employee info",
              ],
              "className": "psg-heading-card",
            },
            "ref": null,
            "rendered": Array [
              Object {
                "instance": null,
                "key": undefined,
                "nodeType": "function",
                "props": Object {
                  "className": "icon",
                },
                "ref": null,
                "rendered": null,
                "type": [Function],
              },
              "Employee info",
            ],
            "type": "h2",
          },
          Object {
            "instance": null,
            "key": undefined,
            "nodeType": "host",
            "props": Object {
              "children": true,
              "className": "alert alert-danger form-alerts",
            },
            "ref": null,
            "rendered": true,
            "type": "div",
          },
          Object {
            "instance": null,
            "key": undefined,
            "nodeType": "host",
            "props": Object {
              "children": Array [
                <div
                  className="form-group empinfo-field"
                >
                  <label>
                    First Name
                  </label>
                  <input
                    className="form-control"
                    name="firstName"
                    onChange={true}
                    type="text"
                  />
                </div>,
                <div
                  className="form-group empinfo-field"
                >
                  <label>
                    Last Name
                  </label>
                  <input
                    className="form-control"
                    name="lastName"
                    onChange={true}
                    type="text"
                  />
                </div>,
                <div
                  className="form-group empinfo-field"
                >
                  <label>
                    Annual Salary
                  </label>
                  <span
                    className="unit"
                  >
                    $
                  </span>
                  <input
                    className="form-control empinfo-input"
                    name="annualIncome"
                    onChange={true}
                    type="text"
                  />
                </div>,
                <div
                  className="form-group empinfo-field"
                >
                  <label>
                    Superannuation Rate
                  </label>
                  <span
                    className="unit"
                  >
                    %
                  </span>
                  <input
                    className="form-control empinfo-input"
                    name="superPercent"
                    onChange={true}
                    type="text"
                  />
                </div>,
                <button
                  className="btn btn-success btn-post-login"
                  type="submit"
                >
                  Generate Payslip
                </button>,
              ],
              "className": "d-flex flex-wrap mr-n4",
            },
            "ref": null,
            "rendered": Array [
              Object {
                "instance": null,
                "key": undefined,
                "nodeType": "host",
                "props": Object {
                  "children": Array [
                    <label>
                      First Name
                    </label>,
                    <input
                      className="form-control"
                      name="firstName"
                      onChange={true}
                      type="text"
                    />,
                  ],
                  "className": "form-group empinfo-field",
                },
                "ref": null,
                "rendered": Array [
                  Object {
                    "instance": null,
                    "key": undefined,
                    "nodeType": "host",
                    "props": Object {
                      "children": "First Name",
                    },
                    "ref": null,
                    "rendered": "First Name",
                    "type": "label",
                  },
                  Object {
                    "instance": null,
                    "key": undefined,
                    "nodeType": "host",
                    "props": Object {
                      "className": "form-control",
                      "name": "firstName",
                      "onChange": true,
                      "type": "text",
                    },
                    "ref": null,
                    "rendered": null,
                    "type": "input",
                  },
                ],
                "type": "div",
              },
              Object {
                "instance": null,
                "key": undefined,
                "nodeType": "host",
                "props": Object {
                  "children": Array [
                    <label>
                      Last Name
                    </label>,
                    <input
                      className="form-control"
                      name="lastName"
                      onChange={true}
                      type="text"
                    />,
                  ],
                  "className": "form-group empinfo-field",
                },
                "ref": null,
                "rendered": Array [
                  Object {
                    "instance": null,
                    "key": undefined,
                    "nodeType": "host",
                    "props": Object {
                      "children": "Last Name",
                    },
                    "ref": null,
                    "rendered": "Last Name",
                    "type": "label",
                  },
                  Object {
                    "instance": null,
                    "key": undefined,
                    "nodeType": "host",
                    "props": Object {
                      "className": "form-control",
                      "name": "lastName",
                      "onChange": true,
                      "type": "text",
                    },
                    "ref": null,
                    "rendered": null,
                    "type": "input",
                  },
                ],
                "type": "div",
              },
              Object {
                "instance": null,
                "key": undefined,
                "nodeType": "host",
                "props": Object {
                  "children": Array [
                    <label>
                      Annual Salary
                    </label>,
                    <span
                      className="unit"
                    >
                      $
                    </span>,
                    <input
                      className="form-control empinfo-input"
                      name="annualIncome"
                      onChange={true}
                      type="text"
                    />,
                  ],
                  "className": "form-group empinfo-field",
                },
                "ref": null,
                "rendered": Array [
                  Object {
                    "instance": null,
                    "key": undefined,
                    "nodeType": "host",
                    "props": Object {
                      "children": "Annual Salary",
                    },
                    "ref": null,
                    "rendered": "Annual Salary",
                    "type": "label",
                  },
                  Object {
                    "instance": null,
                    "key": undefined,
                    "nodeType": "host",
                    "props": Object {
                      "children": "$",
                      "className": "unit",
                    },
                    "ref": null,
                    "rendered": "$",
                    "type": "span",
                  },
                  Object {
                    "instance": null,
                    "key": undefined,
                    "nodeType": "host",
                    "props": Object {
                      "className": "form-control empinfo-input",
                      "name": "annualIncome",
                      "onChange": true,
                      "type": "text",
                    },
                    "ref": null,
                    "rendered": null,
                    "type": "input",
                  },
                ],
                "type": "div",
              },
              Object {
                "instance": null,
                "key": undefined,
                "nodeType": "host",
                "props": Object {
                  "children": Array [
                    <label>
                      Superannuation Rate
                    </label>,
                    <span
                      className="unit"
                    >
                      %
                    </span>,
                    <input
                      className="form-control empinfo-input"
                      name="superPercent"
                      onChange={true}
                      type="text"
                    />,
                  ],
                  "className": "form-group empinfo-field",
                },
                "ref": null,
                "rendered": Array [
                  Object {
                    "instance": null,
                    "key": undefined,
                    "nodeType": "host",
                    "props": Object {
                      "children": "Superannuation Rate",
                    },
                    "ref": null,
                    "rendered": "Superannuation Rate",
                    "type": "label",
                  },
                  Object {
                    "instance": null,
                    "key": undefined,
                    "nodeType": "host",
                    "props": Object {
                      "children": "%",
                      "className": "unit",
                    },
                    "ref": null,
                    "rendered": "%",
                    "type": "span",
                  },
                  Object {
                    "instance": null,
                    "key": undefined,
                    "nodeType": "host",
                    "props": Object {
                      "className": "form-control empinfo-input",
                      "name": "superPercent",
                      "onChange": true,
                      "type": "text",
                    },
                    "ref": null,
                    "rendered": null,
                    "type": "input",
                  },
                ],
                "type": "div",
              },
              Object {
                "instance": null,
                "key": undefined,
                "nodeType": "host",
                "props": Object {
                  "children": "Generate Payslip",
                  "className": "btn btn-success btn-post-login",
                  "type": "submit",
                },
                "ref": null,
                "rendered": "Generate Payslip",
                "type": "button",
              },
            ],
            "type": "div",
          },
        ],
        "type": "form",
      },
      "type": "div",
    },
  ],
  Symbol(enzyme.__options__): Object {
    "adapter": ReactSixteenAdapter {
      "options": Object {
        "enableComponentDidUpdateOnSetState": true,
        "legacyContextMode": "parent",
        "lifecycles": Object {
          "componentDidUpdate": Object {
            "onSetState": true,
          },
          "getChildContext": Object {
            "calledByRenderer": false,
          },
          "getDerivedStateFromProps": Object {
            "hasShouldComponentUpdateBug": false,
          },
          "getSnapshotBeforeUpdate": true,
          "setState": Object {
            "skipsComponentDidUpdateOnNullish": true,
          },
        },
      },
    },
  },
}
`;
