// Jest Snapshot v1, https://goo.gl/fbAQLP

exports[`PsgHeader Should render header 1`] = `
ShallowWrapper {
  Symbol(enzyme.__root__): [Circular],
  Symbol(enzyme.__unrendered__): <PsgHeader />,
  Symbol(enzyme.__renderer__): Object {
    "batchedUpdates": [Function],
    "checkPropTypes": [Function],
    "getNode": [Function],
    "render": [Function],
    "simulateError": [Function],
    "simulateEvent": [Function],
    "unmount": [Function],
  },
  Symbol(enzyme.__node__): Object {
    "instance": null,
    "key": undefined,
    "nodeType": "host",
    "props": Object {
      "children": <div
        className="container d-flex justify-content-between align-items-center inner-wrapper"
      >
        <img
          alt="myob logo"
          className="logo inner"
          src="logo-gradient.svg"
        />
        <Link
          className="psg-link-text"
          onClick={[Function]}
          to="../components/login"
        >
          Logout
        </Link>
      </div>,
      "className": "header-wrapper",
    },
    "ref": null,
    "rendered": Object {
      "instance": null,
      "key": undefined,
      "nodeType": "host",
      "props": Object {
        "children": Array [
          <img
            alt="myob logo"
            className="logo inner"
            src="logo-gradient.svg"
          />,
          <Link
            className="psg-link-text"
            onClick={[Function]}
            to="../components/login"
          >
            Logout
          </Link>,
        ],
        "className": "container d-flex justify-content-between align-items-center inner-wrapper",
      },
      "ref": null,
      "rendered": Array [
        Object {
          "instance": null,
          "key": undefined,
          "nodeType": "host",
          "props": Object {
            "alt": "myob logo",
            "className": "logo inner",
            "src": "logo-gradient.svg",
          },
          "ref": null,
          "rendered": null,
          "type": "img",
        },
        Object {
          "instance": null,
          "key": undefined,
          "nodeType": "class",
          "props": Object {
            "children": "Logout",
            "className": "psg-link-text",
            "onClick": [Function],
            "to": "../components/login",
          },
          "ref": null,
          "rendered": "Logout",
          "type": [Function],
        },
      ],
      "type": "div",
    },
    "type": "header",
  },
  Symbol(enzyme.__nodes__): Array [
    Object {
      "instance": null,
      "key": undefined,
      "nodeType": "host",
      "props": Object {
        "children": <div
          className="container d-flex justify-content-between align-items-center inner-wrapper"
        >
          <img
            alt="myob logo"
            className="logo inner"
            src="logo-gradient.svg"
          />
          <Link
            className="psg-link-text"
            onClick={[Function]}
            to="../components/login"
          >
            Logout
          </Link>
        </div>,
        "className": "header-wrapper",
      },
      "ref": null,
      "rendered": Object {
        "instance": null,
        "key": undefined,
        "nodeType": "host",
        "props": Object {
          "children": Array [
            <img
              alt="myob logo"
              className="logo inner"
              src="logo-gradient.svg"
            />,
            <Link
              className="psg-link-text"
              onClick={[Function]}
              to="../components/login"
            >
              Logout
            </Link>,
          ],
          "className": "container d-flex justify-content-between align-items-center inner-wrapper",
        },
        "ref": null,
        "rendered": Array [
          Object {
            "instance": null,
            "key": undefined,
            "nodeType": "host",
            "props": Object {
              "alt": "myob logo",
              "className": "logo inner",
              "src": "logo-gradient.svg",
            },
            "ref": null,
            "rendered": null,
            "type": "img",
          },
          Object {
            "instance": null,
            "key": undefined,
            "nodeType": "class",
            "props": Object {
              "children": "Logout",
              "className": "psg-link-text",
              "onClick": [Function],
              "to": "../components/login",
            },
            "ref": null,
            "rendered": "Logout",
            "type": [Function],
          },
        ],
        "type": "div",
      },
      "type": "header",
    },
  ],
  Symbol(enzyme.__options__): Object {
    "adapter": ReactSixteenAdapter {
      "options": Object {
        "enableComponentDidUpdateOnSetState": true,
        "legacyContextMode": "parent",
        "lifecycles": Object {
          "componentDidUpdate": Object {
            "onSetState": true,
          },
          "getChildContext": Object {
            "calledByRenderer": false,
          },
          "getDerivedStateFromProps": Object {
            "hasShouldComponentUpdateBug": false,
          },
          "getSnapshotBeforeUpdate": true,
          "setState": Object {
            "skipsComponentDidUpdateOnNullish": true,
          },
        },
      },
    },
  },
}
`;
