// Jest Snapshot v1, https://goo.gl/fbAQLP

exports[`PsgHome Should render 1`] = `
ShallowWrapper {
  Symbol(enzyme.__root__): [Circular],
  Symbol(enzyme.__unrendered__): <PsgHome />,
  Symbol(enzyme.__renderer__): Object {
    "batchedUpdates": [Function],
    "checkPropTypes": [Function],
    "getNode": [Function],
    "render": [Function],
    "simulateError": [Function],
    "simulateEvent": [Function],
    "unmount": [Function],
  },
  Symbol(enzyme.__node__): Object {
    "instance": null,
    "key": undefined,
    "nodeType": "host",
    "props": Object {
      "children": Array [
        <PsgHeader />,
        <main
          className="container"
        >
          <h1
            className="psg-heading-main mt-5 mb-2"
          >
            Pay Slip Generator
          </h1>
          <PsgForm
            errors=""
            inputChanged={[Function]}
            submitGenerate={[Function]}
          />
        </main>,
        <PsgFooter />,
      ],
      "className": "post-login-main-wrapper post-login",
    },
    "ref": null,
    "rendered": Array [
      Object {
        "instance": null,
        "key": undefined,
        "nodeType": "function",
        "props": Object {},
        "ref": null,
        "rendered": null,
        "type": [Function],
      },
      Object {
        "instance": null,
        "key": undefined,
        "nodeType": "host",
        "props": Object {
          "children": Array [
            <h1
              className="psg-heading-main mt-5 mb-2"
            >
              Pay Slip Generator
            </h1>,
            <PsgForm
              errors=""
              inputChanged={[Function]}
              submitGenerate={[Function]}
            />,
          ],
          "className": "container",
        },
        "ref": null,
        "rendered": Array [
          Object {
            "instance": null,
            "key": undefined,
            "nodeType": "host",
            "props": Object {
              "children": "Pay Slip Generator",
              "className": "psg-heading-main mt-5 mb-2",
            },
            "ref": null,
            "rendered": "Pay Slip Generator",
            "type": "h1",
          },
          Object {
            "instance": null,
            "key": undefined,
            "nodeType": "function",
            "props": Object {
              "errors": "",
              "inputChanged": [Function],
              "submitGenerate": [Function],
            },
            "ref": null,
            "rendered": null,
            "type": [Function],
          },
        ],
        "type": "main",
      },
      Object {
        "instance": null,
        "key": undefined,
        "nodeType": "function",
        "props": Object {},
        "ref": null,
        "rendered": null,
        "type": [Function],
      },
    ],
    "type": "div",
  },
  Symbol(enzyme.__nodes__): Array [
    Object {
      "instance": null,
      "key": undefined,
      "nodeType": "host",
      "props": Object {
        "children": Array [
          <PsgHeader />,
          <main
            className="container"
          >
            <h1
              className="psg-heading-main mt-5 mb-2"
            >
              Pay Slip Generator
            </h1>
            <PsgForm
              errors=""
              inputChanged={[Function]}
              submitGenerate={[Function]}
            />
          </main>,
          <PsgFooter />,
        ],
        "className": "post-login-main-wrapper post-login",
      },
      "ref": null,
      "rendered": Array [
        Object {
          "instance": null,
          "key": undefined,
          "nodeType": "function",
          "props": Object {},
          "ref": null,
          "rendered": null,
          "type": [Function],
        },
        Object {
          "instance": null,
          "key": undefined,
          "nodeType": "host",
          "props": Object {
            "children": Array [
              <h1
                className="psg-heading-main mt-5 mb-2"
              >
                Pay Slip Generator
              </h1>,
              <PsgForm
                errors=""
                inputChanged={[Function]}
                submitGenerate={[Function]}
              />,
            ],
            "className": "container",
          },
          "ref": null,
          "rendered": Array [
            Object {
              "instance": null,
              "key": undefined,
              "nodeType": "host",
              "props": Object {
                "children": "Pay Slip Generator",
                "className": "psg-heading-main mt-5 mb-2",
              },
              "ref": null,
              "rendered": "Pay Slip Generator",
              "type": "h1",
            },
            Object {
              "instance": null,
              "key": undefined,
              "nodeType": "function",
              "props": Object {
                "errors": "",
                "inputChanged": [Function],
                "submitGenerate": [Function],
              },
              "ref": null,
              "rendered": null,
              "type": [Function],
            },
          ],
          "type": "main",
        },
        Object {
          "instance": null,
          "key": undefined,
          "nodeType": "function",
          "props": Object {},
          "ref": null,
          "rendered": null,
          "type": [Function],
        },
      ],
      "type": "div",
    },
  ],
  Symbol(enzyme.__options__): Object {
    "adapter": ReactSixteenAdapter {
      "options": Object {
        "enableComponentDidUpdateOnSetState": true,
        "legacyContextMode": "parent",
        "lifecycles": Object {
          "componentDidUpdate": Object {
            "onSetState": true,
          },
          "getChildContext": Object {
            "calledByRenderer": false,
          },
          "getDerivedStateFromProps": Object {
            "hasShouldComponentUpdateBug": false,
          },
          "getSnapshotBeforeUpdate": true,
          "setState": Object {
            "skipsComponentDidUpdateOnNullish": true,
          },
        },
      },
    },
  },
  Symbol(enzyme.__childContext__): null,
}
`;
